// Jest Snapshot v1, https://goo.gl/fbAQLP

exports[`Card matches initial snapshot 1`] = `
<div>
  <div
    class="Card"
  >
    <h4
      class="Card-title"
    >
      test
    </h4>
    <img
      alt="test"
      class="Card-image"
      src="test"
    />
    <small
      class="Card-small"
    >
      Image 
      test
       of 
      test
      .
    </small>
  </div>
</div>
`;
